<html>
<body>
<pre>
<h1>礦ision Build Log</h1>
<h2>Tool Versions:</h2>
IDE-Version: μVision V5.21.1.0
Copyright (C) 2016 ARM Ltd and ARM Germany GmbH. All rights reserved.
License Information: w hekdh, w, LIC=RC93N-YHBCN-II35V-PZW2J-IVFYI-TV153
 
Tool Versions:
Toolchain:       MDK-ARM Plus  Version: 5.21a
Toolchain Path:  D:\mdk5\ARM\ARMCC\Bin
C Compiler:      Armcc.exe V5.06 update 3 (build 300)
Assembler:       Armasm.exe V5.06 update 3 (build 300)
Linker/Locator:  ArmLink.exe V5.06 update 3 (build 300)
Library Manager: ArmAr.exe V5.06 update 3 (build 300)
Hex Converter:   FromElf.exe V5.06 update 3 (build 300)
CPU DLL:         SARMCM3.DLL V5.21a
Dialog DLL:      DCM.DLL V1.13.8.0
Target DLL:      Segger\JL2CM3.dll V2.99.23.0
Dialog DLL:      TCM.DLL V1.14.14.0
 
<h2>Project:</h2>
D:\四旋翼\匿名拓空者P2资料包-20210714\8：飞控源码工程\ANO_PioneerPro-088\ANO_Pioneer.uvprojx
Project File Date:  07/29/2021

<h2>Output:</h2>
*** Using Compiler 'V5.06 update 3 (build 300)', folder: 'D:\mdk5\ARM\ARMCC\Bin'
Build target 'Ano_Pioneer'
compiling usb_config.c...
compiling main.c...
compiling stm32f4xx_it.c...
compiling Ano_UWB.c...
compiling Ano_OF.c...
compiling Ano_USB.c...
compiling BSP_Init.c...
compiling Ano_FlyCtrl.c...
compiling Ano_RC.c...
compiling Ano_DT.c...
SRC\applications\Ano_DT.c(666): warning:  #177-D: function "WritePar" was declared but never referenced
  static void WritePar(u16 p_id, s32 p_val)
SRC\applications\Ano_DT.c: 1 warning, 0 errors
compiling Ano_Scheduler.c...
.\SRC\drivers\Drv_ultrasonic.h(23): warning:  #1-D: last line of file ends without a newline
  u8 Average_sliding_filter(u8 value);
SRC\applications\Ano_Scheduler.c(48): warning:  #177-D: variable "time_flag" was declared but never referenced
  static float time_flag=0;
SRC\applications\Ano_Scheduler.c(49): warning:  #177-D: variable "ult_send_re" was declared but never referenced
  static u8 ult_send_re=1;
SRC\applications\Ano_Scheduler.c: 3 warnings, 0 errors
compiling Ano_ProgramCtrl_User.c...
compiling Ano_OPMV_Ctrl.c...
compiling Ano_OPMV_CBTracking_Ctrl.c...
compiling Ano_FcData.c...
compiling Ano_OF_DecoFusion.c...
compiling Ano_OPMV_LineTracking_Ctrl.c...
compiling Ano_Filter.c...
compiling Ano_Math.c...
compiling Ano_MotionCal.c...
compiling Ano_Imu.c...
compiling Ano_Navigate.c...
compiling Ano_Pid.c...
compiling Ano_Sensor_Basic.c...
SRC\fc_general\Ano_Sensor_Basic.c(51): warning:  #550-D: variable "hz" was set but never used
  	float hz = 0 ;
SRC\fc_general\Ano_Sensor_Basic.c: 1 warning, 0 errors
compiling Ano_AltCtrl.c...
SRC\fc_specific\Ano_AltCtrl.c(245): warning:  #1035-D: single-precision operand implicitly converted to double-precision
  		pox_pid_i+=0.02*pox_pid_p;
SRC\fc_specific\Ano_AltCtrl.c(248): warning:  #1035-D: single-precision operand implicitly converted to double-precision
  		pox_pid=0.8*pox_pid_p+pox_pid_i+0.05*pox_pid_d;//p系??为0.8，i系??为0.02，d系??为0.05
SRC\fc_specific\Ano_AltCtrl.c(248): warning:  #1035-D: single-precision operand implicitly converted to double-precision
  		pox_pid=0.8*pox_pid_p+pox_pid_i+0.05*pox_pid_d;//p系??为0.8，i系??为0.02，d系??为0.05
SRC\fc_specific\Ano_AltCtrl.c(253): warning:  #1035-D: single-precision operand implicitly converted to double-precision
  		pox_pid_i+=0.02*pox_pid_p;
SRC\fc_specific\Ano_AltCtrl.c(256): warning:  #1035-D: single-precision operand implicitly converted to double-precision
  		pox_pid=0.8*pox_pid_p+pox_pid_i+0.05*pox_pid_d;//p系??为0.8，i系??为0.02，d系??为0.05
SRC\fc_specific\Ano_AltCtrl.c(256): warning:  #1035-D: single-precision operand implicitly converted to double-precision
  		pox_pid=0.8*pox_pid_p+pox_pid_i+0.05*pox_pid_d;//p系??为0.8，i系??为0.02，d系??为0.05
SRC\fc_specific\Ano_AltCtrl.c: 6 warnings, 0 errors
compiling Ano_AttCtrl.c...
compiling Ano_LocCtrl.c...
compiling Ano_MagProcess.c...
compiling Ano_FlightCtrl.c...
compiling Drv_adc.c...
compiling Ano_Power.c...
compiling Ano_FlightDataCal.c...
compiling Drv_led.c...
compiling Ano_MotorCtrl.c...
compiling Ano_Parameter.c...
compiling Drv_spi.c...
compiling Drv_ak09915.c...
compiling Drv_time.c...
compiling Drv_pwm_out.c...
compiling Drv_ak8975.c...
compiling Drv_usart.c...
SRC\drivers\Drv_ultrasonic.h(23): warning:  #1-D: last line of file ends without a newline
  u8 Average_sliding_filter(u8 value);
SRC\drivers\Drv_usart.c(236): warning:  #177-D: function "Usart3_Send" was declared but never referenced
  static void Usart3_Send ( unsigned char *DataToSend , u8 data_num )
SRC\drivers\Drv_usart.c: 2 warnings, 0 errors
compiling Drv_icm20602.c...
compiling Drv_spl06.c...
SRC\drivers\Drv_spl06.c(482): warning:  #177-D: variable "vel_cnt" was declared but never referenced
  	static u8 vel_cnt;
SRC\drivers\Drv_spl06.c: 1 warning, 0 errors
compiling Drv_w25qxx.c...
compiling Drv_gps.c...
compiling usbd_STM32F4xx_FS.c...
compiling Drv_heating.c...
compiling Drv_laser.c...
compiling Drv_UP_Flow.c...
compiling Drv_OpenMV.c...
compiling Drv_BSP.c...
compiling Drv_RcIn.c...
compiling Drv_bmi088.c...
compiling Drv_ultrasonic.c...
SRC\drivers\Drv_ultrasonic.h(23): warning:  #1-D: last line of file ends without a newline
  u8 Average_sliding_filter(u8 value);
SRC\drivers\Drv_ultrasonic.c(167): warning:  #1035-D: single-precision operand implicitly converted to double-precision
  			k_x=k+0.2;   //0.2为k_x???龀?值，看实???薷?
SRC\drivers\Drv_ultrasonic.c(249): warning:  #940-D: missing return statement at end of non-void function "Median_sliding_filter"
  }
SRC\drivers\Drv_ultrasonic.c(235): warning:  #550-D: variable "midn_sld_f" was set but never used
  	u16 midn_sld_f;
SRC\drivers\Drv_ultrasonic.c(294): warning:  #1-D: last line of file ends without a newline
  //		}
SRC\drivers\Drv_ultrasonic.c(21): warning:  #177-D: function "UltraSonic_Data_Analysis" was declared but never referenced
  static void UltraSonic_Data_Analysis(u8 *buf_data,u8 len)
SRC\drivers\Drv_ultrasonic.c: 6 warnings, 0 errors
compiling misc.c...
compiling stm32f4xx_dbgmcu.c...
compiling stm32f4xx_adc.c...
compiling stm32f4xx_exti.c...
compiling stm32f4xx_dma.c...
compiling stm32f4xx_flash.c...
assembling startup_stm32f4xx.s...
compiling stm32f4xx_pwr.c...
compiling stm32f4xx_gpio.c...
compiling stm32f4xx_i2c.c...
compiling stm32f4xx_rcc.c...
compiling stm32f4xx_syscfg.c...
compiling stm32f4xx_spi.c...
compiling usbd_core_hid.c...
compiling stm32f4xx_usart.c...
compiling usbd_hid.c...
compiling system_stm32f4xx.c...
compiling usbd_core.c...
compiling stm32f4xx_tim.c...
compiling Ano_Imu_Calibration.c...
compiling Ano_Imu_Data.c...
compiling Ano_Imu_Task.c...
linking...
Program Size: Code=108548 RO-data=2316 RW-data=1284 ZI-data=14276  
FromELF: creating hex file...
After Build - User command #1: fromelf.exe --bin -o ./AnoPioneerPro.bin ./build/Ano_Pioneer.axf
".\build\ANO_Pioneer.axf" - 0 Error(s), 20 Warning(s).

<h2>Collection of Component include folders:</h2>
  D:\四旋翼\匿名拓空者P2资料包-20210714\8：飞控源码工程\ANO_PioneerPro-088\RTE
  D:\mdk5\ARM\PACK\Keil\STM32F4xx_DFP\2.2.0\Drivers\CMSIS\Device\ST\STM32F4xx\Include

<h2>Collection of Component Files used:</h2>
Build Time Elapsed:  00:00:10
</pre>
</body>
</html>
